// Jest Snapshot v1, https://goo.gl/fbAQLP

exports[`MemberDashboard component testing renders UI as expected 1`] = `
<section
  className="memberDashboard"
>
  <div
    className="member-container"
  >
    <div
      className="leaderboard_container"
    >
      <section
        className="leader_board"
      >
        <h3>
          Leaderboard
        </h3>
        <div
          className="leader_board-grid"
        >
          <div
            className="header_rank"
          >
            <span>
              Rank
            </span>
          </div>
          <div
            className="header_name"
          >
            <span>
              Member Name
            </span>
          </div>
          <div
            className="header_score"
          >
            <span>
              Score
            </span>
          </div>
        </div>
        <ul
          className="rankings"
        />
      </section>
    </div>
    <p>
       LOADING... 
    </p>
    <div
      className="chores-container"
    >
      <h2>
        Chore-llenges
      </h2>
      <div
        className="task_list"
      >
        <ul />
      </div>
    </div>
  </div>
</section>
`;
