// Jest Snapshot v1, https://goo.gl/fbAQLP

exports[`renders AddMembers as expected 1`] = `
<div
  className="add-member container"
>
  <p>
    ADD HOUSEHOLD MEMBERS:
  </p>
  <form
    className="add-household-form"
    id="add-household-form"
    onSubmit={[Function]}
  >
    <label
      htmlFor="member-name"
    >
      Name
    </label>
    <input
      id="member-name"
      name="name"
      onChange={[Function]}
      required={true}
      type="text"
      value=""
    />
    <label
      htmlFor="household"
    >
      Household
    </label>
    <select
      className="select-css"
      defaultValue="Select household"
      id="assignee"
      name="household_id"
      onChange={[Function]}
      required={true}
      type="text"
    >
      <option
        value=""
      >
        Select Household
      </option>
    </select>
    <label
      htmlFor="child-username"
    >
      Member Username
    </label>
    <input
      id="child-username"
      name="username"
      onChange={[Function]}
      required={true}
      type="text"
      value=""
    />
    <label
      htmlFor="child-password"
    >
      Member Password
    </label>
    <input
      id="child-password"
      name="password"
      onChange={[Function]}
      required={true}
      type="password"
      value=""
    />
    <button
      className="submitHH"
      type="submit"
    >
      + add new member
    </button>
    <div
      role="alert"
    >
      <p
        className="alertMsg"
      >
        
      </p>
    </div>
  </form>
</div>
`;
